-- Downloading...
   dst='/home/jfetko/Documents/HIER/mppi_cpp/build/_deps/rerun_sdk-build/arrow/src/arrow_cpp-build/mimalloc_ep-prefix/src/v2.0.6.tar.gz'
   timeout='none'
   inactivity timeout='none'
-- Using src='https://github.com/microsoft/mimalloc/archive/v2.0.6.tar.gz'
-- [download 0% complete]
-- [download 1% complete]
-- [download 2% complete]
-- [download 4% complete]
-- [download 5% complete]
-- [download 6% complete]
-- [download 7% complete]
-- [download 9% complete]
-- [download 11% complete]
-- [download 12% complete]
-- [download 15% complete]
-- [download 18% complete]
-- [download 19% complete]
-- [download 21% complete]
-- [download 28% complete]
-- [download 29% complete]
-- [download 32% complete]
-- [download 35% complete]
-- [download 38% complete]
-- [download 41% complete]
-- [download 45% complete]
-- [download 50% complete]
-- [download 52% complete]
-- [download 55% complete]
-- [download 59% complete]
-- [download 63% complete]
-- [download 66% complete]
-- [download 70% complete]
-- [download 72% complete]
-- [download 74% complete]
-- [download 79% complete]
-- [download 83% complete]
-- [download 87% complete]
-- [download 91% complete]
-- [download 96% complete]
-- [download 97% complete]
-- [download 100% complete]
-- verifying file...
       file='/home/jfetko/Documents/HIER/mppi_cpp/build/_deps/rerun_sdk-build/arrow/src/arrow_cpp-build/mimalloc_ep-prefix/src/v2.0.6.tar.gz'
-- Downloading... done
-- extracting...
     src='/home/jfetko/Documents/HIER/mppi_cpp/build/_deps/rerun_sdk-build/arrow/src/arrow_cpp-build/mimalloc_ep-prefix/src/v2.0.6.tar.gz'
     dst='/home/jfetko/Documents/HIER/mppi_cpp/build/_deps/rerun_sdk-build/arrow/src/arrow_cpp-build/mimalloc_ep-prefix/src/mimalloc_ep'
-- extracting... [tar xfz]
-- extracting... [analysis]
-- extracting... [rename]
-- extracting... [clean up]
-- extracting... done
