-- The C compiler identification is GNU 11.4.0
-- The CXX compiler identification is GNU 11.4.0
-- Detecting C compiler ABI info
-- Detecting C compiler ABI info - done
-- Check for working C compiler: /usr/lib/ccache/cc - skipped
-- Detecting C compile features
-- Detecting C compile features - done
-- Detecting CXX compiler ABI info
-- Detecting CXX compiler ABI info - done
-- Check for working CXX compiler: /usr/lib/ccache/c++ - skipped
-- Detecting CXX compile features
-- Detecting CXX compile features - done
-- 
-- 
-- Library base name: mimalloc
-- Version          : 2.0
-- Build type       : release
-- C Compiler       : /usr/lib/ccache/cc
-- Compiler flags   : -Wall;-Wextra;-Wno-unknown-pragmas;-fvisibility=hidden;-Wstrict-prototypes;-ftls-model=local-dynamic
-- Compiler defines : 
-- Link libraries   : /usr/lib/x86_64-linux-gnu/libpthread.a;/usr/lib/x86_64-linux-gnu/librt.a
-- Build targets    : static
-- 
-- Configuring done
-- Generating done
-- Build files have been written to: /home/jfetko/Documents/HIER/mppi_cpp/build/_deps/rerun_sdk-build/arrow/src/arrow_cpp-build/mimalloc_ep-prefix/src/mimalloc_ep-build
