[  4%] Built target xsimd_ep
[ 18%] Built target mimalloc_ep
[ 14%] Built target arrow_array
[ 23%] Built target arrow_io
[ 36%] Built target arrow_vendored
[ 40%] Built target arrow_ipc
[ 40%] Built target arrow_memory_pool
[ 41%] [34m[1mBundling /home/jfetko/Documents/HIER/mppi_cpp/build/_deps/rerun_sdk-build/arrow/src/arrow_cpp-build/release/libarrow_bundled_dependencies.a[0m
[ 41%] Built target arrow_bundled_dependencies_merge
[ 61%] Built target arrow_compute
[ 85%] Built target arrow_util
[100%] Built target arrow_objlib
[100%] Built target arrow_static
[36mInstall the project...[0m
-- Install configuration: "RELEASE"
-- Up-to-date: /home/jfetko/Documents/HIER/mppi_cpp/build/_deps/rerun_sdk-build/arrow/include/arrow/util/config.h
-- Installing: /home/jfetko/Documents/HIER/mppi_cpp/build/_deps/rerun_sdk-build/arrow/lib/libarrow_bundled_dependencies.a
-- Installing: /home/jfetko/Documents/HIER/mppi_cpp/build/_deps/rerun_sdk-build/arrow/lib/libarrow.a
-- Up-to-date: /home/jfetko/Documents/HIER/mppi_cpp/build/_deps/rerun_sdk-build/arrow/lib/cmake/Arrow/ArrowConfig.cmake
-- Up-to-date: /home/jfetko/Documents/HIER/mppi_cpp/build/_deps/rerun_sdk-build/arrow/lib/cmake/Arrow/ArrowConfigVersion.cmake
-- Up-to-date: /home/jfetko/Documents/HIER/mppi_cpp/build/_deps/rerun_sdk-build/arrow/lib/cmake/Arrow/ArrowTargets.cmake
-- Up-to-date: /home/jfetko/Documents/HIER/mppi_cpp/build/_deps/rerun_sdk-build/arrow/lib/cmake/Arrow/ArrowTargets-release.cmake
-- Up-to-date: /home/jfetko/Documents/HIER/mppi_cpp/build/_deps/rerun_sdk-build/arrow/lib/pkgconfig/arrow.pc
-- Up-to-date: /home/jfetko/Documents/HIER/mppi_cpp/build/_deps/rerun_sdk-build/arrow/include/arrow/api.h
-- Up-to-date: /home/jfetko/Documents/HIER/mppi_cpp/build/_deps/rerun_sdk-build/arrow/include/arrow/array.h
-- Up-to-date: /home/jfetko/Documents/HIER/mppi_cpp/build/_deps/rerun_sdk-build/arrow/include/arrow/buffer.h
-- Up-to-date: /home/jfetko/Documents/HIER/mppi_cpp/build/_deps/rerun_sdk-build/arrow/include/arrow/buffer_builder.h
-- Up-to-date: /home/jfetko/Documents/HIER/mppi_cpp/build/_deps/rerun_sdk-build/arrow/include/arrow/builder.h
-- Up-to-date: /home/jfetko/Documents/HIER/mppi_cpp/build/_deps/rerun_sdk-build/arrow/include/arrow/chunk_resolver.h
-- Up-to-date: /home/jfetko/Documents/HIER/mppi_cpp/build/_deps/rerun_sdk-build/arrow/include/arrow/chunked_array.h
-- Up-to-date: /home/jfetko/Documents/HIER/mppi_cpp/build/_deps/rerun_sdk-build/arrow/include/arrow/compare.h
-- Up-to-date: /home/jfetko/Documents/HIER/mppi_cpp/build/_deps/rerun_sdk-build/arrow/include/arrow/config.h
-- Up-to-date: /home/jfetko/Documents/HIER/mppi_cpp/build/_deps/rerun_sdk-build/arrow/include/arrow/datum.h
-- Up-to-date: /home/jfetko/Documents/HIER/mppi_cpp/build/_deps/rerun_sdk-build/arrow/include/arrow/device.h
-- Up-to-date: /home/jfetko/Documents/HIER/mppi_cpp/build/_deps/rerun_sdk-build/arrow/include/arrow/device_allocation_type_set.h
-- Up-to-date: /home/jfetko/Documents/HIER/mppi_cpp/build/_deps/rerun_sdk-build/arrow/include/arrow/extension_type.h
-- Up-to-date: /home/jfetko/Documents/HIER/mppi_cpp/build/_deps/rerun_sdk-build/arrow/include/arrow/memory_pool.h
-- Up-to-date: /home/jfetko/Documents/HIER/mppi_cpp/build/_deps/rerun_sdk-build/arrow/include/arrow/memory_pool_test.h
-- Up-to-date: /home/jfetko/Documents/HIER/mppi_cpp/build/_deps/rerun_sdk-build/arrow/include/arrow/pch.h
-- Up-to-date: /home/jfetko/Documents/HIER/mppi_cpp/build/_deps/rerun_sdk-build/arrow/include/arrow/pretty_print.h
-- Up-to-date: /home/jfetko/Documents/HIER/mppi_cpp/build/_deps/rerun_sdk-build/arrow/include/arrow/record_batch.h
-- Up-to-date: /home/jfetko/Documents/HIER/mppi_cpp/build/_deps/rerun_sdk-build/arrow/include/arrow/result.h
-- Up-to-date: /home/jfetko/Documents/HIER/mppi_cpp/build/_deps/rerun_sdk-build/arrow/include/arrow/scalar.h
-- Up-to-date: /home/jfetko/Documents/HIER/mppi_cpp/build/_deps/rerun_sdk-build/arrow/include/arrow/sparse_tensor.h
-- Up-to-date: /home/jfetko/Documents/HIER/mppi_cpp/build/_deps/rerun_sdk-build/arrow/include/arrow/status.h
-- Up-to-date: /home/jfetko/Documents/HIER/mppi_cpp/build/_deps/rerun_sdk-build/arrow/include/arrow/stl.h
-- Up-to-date: /home/jfetko/Documents/HIER/mppi_cpp/build/_deps/rerun_sdk-build/arrow/include/arrow/stl_allocator.h
-- Up-to-date: /home/jfetko/Documents/HIER/mppi_cpp/build/_deps/rerun_sdk-build/arrow/include/arrow/stl_iterator.h
-- Up-to-date: /home/jfetko/Documents/HIER/mppi_cpp/build/_deps/rerun_sdk-build/arrow/include/arrow/table.h
-- Up-to-date: /home/jfetko/Documents/HIER/mppi_cpp/build/_deps/rerun_sdk-build/arrow/include/arrow/table_builder.h
-- Up-to-date: /home/jfetko/Documents/HIER/mppi_cpp/build/_deps/rerun_sdk-build/arrow/include/arrow/tensor.h
-- Up-to-date: /home/jfetko/Documents/HIER/mppi_cpp/build/_deps/rerun_sdk-build/arrow/include/arrow/type.h
-- Up-to-date: /home/jfetko/Documents/HIER/mppi_cpp/build/_deps/rerun_sdk-build/arrow/include/arrow/type_fwd.h
-- Up-to-date: /home/jfetko/Documents/HIER/mppi_cpp/build/_deps/rerun_sdk-build/arrow/include/arrow/type_traits.h
-- Up-to-date: /home/jfetko/Documents/HIER/mppi_cpp/build/_deps/rerun_sdk-build/arrow/include/arrow/visit_array_inline.h
-- Up-to-date: /home/jfetko/Documents/HIER/mppi_cpp/build/_deps/rerun_sdk-build/arrow/include/arrow/visit_data_inline.h
-- Up-to-date: /home/jfetko/Documents/HIER/mppi_cpp/build/_deps/rerun_sdk-build/arrow/include/arrow/visit_scalar_inline.h
-- Up-to-date: /home/jfetko/Documents/HIER/mppi_cpp/build/_deps/rerun_sdk-build/arrow/include/arrow/visit_type_inline.h
-- Up-to-date: /home/jfetko/Documents/HIER/mppi_cpp/build/_deps/rerun_sdk-build/arrow/include/arrow/visitor.h
-- Up-to-date: /home/jfetko/Documents/HIER/mppi_cpp/build/_deps/rerun_sdk-build/arrow/include/arrow/visitor_generate.h
-- Installing: /home/jfetko/Documents/HIER/mppi_cpp/build/_deps/rerun_sdk-build/arrow/lib/cmake/Arrow/ArrowOptions.cmake
-- Up-to-date: /home/jfetko/Documents/HIER/mppi_cpp/build/_deps/rerun_sdk-build/arrow/lib/cmake/Arrow/arrow-config.cmake
-- Up-to-date: /home/jfetko/Documents/HIER/mppi_cpp/build/_deps/rerun_sdk-build/arrow/include/arrow/testing/async_test_util.h
-- Up-to-date: /home/jfetko/Documents/HIER/mppi_cpp/build/_deps/rerun_sdk-build/arrow/include/arrow/testing/builder.h
-- Up-to-date: /home/jfetko/Documents/HIER/mppi_cpp/build/_deps/rerun_sdk-build/arrow/include/arrow/testing/executor_util.h
-- Up-to-date: /home/jfetko/Documents/HIER/mppi_cpp/build/_deps/rerun_sdk-build/arrow/include/arrow/testing/extension_type.h
-- Up-to-date: /home/jfetko/Documents/HIER/mppi_cpp/build/_deps/rerun_sdk-build/arrow/include/arrow/testing/fixed_width_test_util.h
-- Up-to-date: /home/jfetko/Documents/HIER/mppi_cpp/build/_deps/rerun_sdk-build/arrow/include/arrow/testing/future_util.h
-- Up-to-date: /home/jfetko/Documents/HIER/mppi_cpp/build/_deps/rerun_sdk-build/arrow/include/arrow/testing/generator.h
-- Up-to-date: /home/jfetko/Documents/HIER/mppi_cpp/build/_deps/rerun_sdk-build/arrow/include/arrow/testing/gtest_compat.h
-- Up-to-date: /home/jfetko/Documents/HIER/mppi_cpp/build/_deps/rerun_sdk-build/arrow/include/arrow/testing/gtest_util.h
-- Up-to-date: /home/jfetko/Documents/HIER/mppi_cpp/build/_deps/rerun_sdk-build/arrow/include/arrow/testing/matchers.h
-- Up-to-date: /home/jfetko/Documents/HIER/mppi_cpp/build/_deps/rerun_sdk-build/arrow/include/arrow/testing/pch.h
-- Up-to-date: /home/jfetko/Documents/HIER/mppi_cpp/build/_deps/rerun_sdk-build/arrow/include/arrow/testing/process.h
-- Up-to-date: /home/jfetko/Documents/HIER/mppi_cpp/build/_deps/rerun_sdk-build/arrow/include/arrow/testing/random.h
-- Up-to-date: /home/jfetko/Documents/HIER/mppi_cpp/build/_deps/rerun_sdk-build/arrow/include/arrow/testing/uniform_real.h
-- Up-to-date: /home/jfetko/Documents/HIER/mppi_cpp/build/_deps/rerun_sdk-build/arrow/include/arrow/testing/util.h
-- Up-to-date: /home/jfetko/Documents/HIER/mppi_cpp/build/_deps/rerun_sdk-build/arrow/include/arrow/testing/visibility.h
-- Up-to-date: /home/jfetko/Documents/HIER/mppi_cpp/build/_deps/rerun_sdk-build/arrow/include/arrow/array/array_base.h
-- Up-to-date: /home/jfetko/Documents/HIER/mppi_cpp/build/_deps/rerun_sdk-build/arrow/include/arrow/array/array_binary.h
-- Up-to-date: /home/jfetko/Documents/HIER/mppi_cpp/build/_deps/rerun_sdk-build/arrow/include/arrow/array/array_decimal.h
-- Up-to-date: /home/jfetko/Documents/HIER/mppi_cpp/build/_deps/rerun_sdk-build/arrow/include/arrow/array/array_dict.h
-- Up-to-date: /home/jfetko/Documents/HIER/mppi_cpp/build/_deps/rerun_sdk-build/arrow/include/arrow/array/array_nested.h
-- Up-to-date: /home/jfetko/Documents/HIER/mppi_cpp/build/_deps/rerun_sdk-build/arrow/include/arrow/array/array_primitive.h
-- Up-to-date: /home/jfetko/Documents/HIER/mppi_cpp/build/_deps/rerun_sdk-build/arrow/include/arrow/array/array_run_end.h
-- Up-to-date: /home/jfetko/Documents/HIER/mppi_cpp/build/_deps/rerun_sdk-build/arrow/include/arrow/array/builder_adaptive.h
-- Up-to-date: /home/jfetko/Documents/HIER/mppi_cpp/build/_deps/rerun_sdk-build/arrow/include/arrow/array/builder_base.h
-- Up-to-date: /home/jfetko/Documents/HIER/mppi_cpp/build/_deps/rerun_sdk-build/arrow/include/arrow/array/builder_binary.h
-- Up-to-date: /home/jfetko/Documents/HIER/mppi_cpp/build/_deps/rerun_sdk-build/arrow/include/arrow/array/builder_decimal.h
-- Up-to-date: /home/jfetko/Documents/HIER/mppi_cpp/build/_deps/rerun_sdk-build/arrow/include/arrow/array/builder_dict.h
-- Up-to-date: /home/jfetko/Documents/HIER/mppi_cpp/build/_deps/rerun_sdk-build/arrow/include/arrow/array/builder_nested.h
-- Up-to-date: /home/jfetko/Documents/HIER/mppi_cpp/build/_deps/rerun_sdk-build/arrow/include/arrow/array/builder_primitive.h
-- Up-to-date: /home/jfetko/Documents/HIER/mppi_cpp/build/_deps/rerun_sdk-build/arrow/include/arrow/array/builder_run_end.h
-- Up-to-date: /home/jfetko/Documents/HIER/mppi_cpp/build/_deps/rerun_sdk-build/arrow/include/arrow/array/builder_time.h
-- Up-to-date: /home/jfetko/Documents/HIER/mppi_cpp/build/_deps/rerun_sdk-build/arrow/include/arrow/array/builder_union.h
-- Up-to-date: /home/jfetko/Documents/HIER/mppi_cpp/build/_deps/rerun_sdk-build/arrow/include/arrow/array/concatenate.h
-- Up-to-date: /home/jfetko/Documents/HIER/mppi_cpp/build/_deps/rerun_sdk-build/arrow/include/arrow/array/data.h
-- Up-to-date: /home/jfetko/Documents/HIER/mppi_cpp/build/_deps/rerun_sdk-build/arrow/include/arrow/array/diff.h
-- Up-to-date: /home/jfetko/Documents/HIER/mppi_cpp/build/_deps/rerun_sdk-build/arrow/include/arrow/array/statistics.h
-- Up-to-date: /home/jfetko/Documents/HIER/mppi_cpp/build/_deps/rerun_sdk-build/arrow/include/arrow/array/util.h
-- Up-to-date: /home/jfetko/Documents/HIER/mppi_cpp/build/_deps/rerun_sdk-build/arrow/include/arrow/array/validate.h
-- Up-to-date: /home/jfetko/Documents/HIER/mppi_cpp/build/_deps/rerun_sdk-build/arrow/include/arrow/c/abi.h
-- Up-to-date: /home/jfetko/Documents/HIER/mppi_cpp/build/_deps/rerun_sdk-build/arrow/include/arrow/c/bridge.h
-- Up-to-date: /home/jfetko/Documents/HIER/mppi_cpp/build/_deps/rerun_sdk-build/arrow/include/arrow/c/dlpack.h
-- Up-to-date: /home/jfetko/Documents/HIER/mppi_cpp/build/_deps/rerun_sdk-build/arrow/include/arrow/c/dlpack_abi.h
-- Up-to-date: /home/jfetko/Documents/HIER/mppi_cpp/build/_deps/rerun_sdk-build/arrow/include/arrow/c/helpers.h
-- Up-to-date: /home/jfetko/Documents/HIER/mppi_cpp/build/_deps/rerun_sdk-build/arrow/include/arrow/compute/api.h
-- Up-to-date: /home/jfetko/Documents/HIER/mppi_cpp/build/_deps/rerun_sdk-build/arrow/include/arrow/compute/api_aggregate.h
-- Up-to-date: /home/jfetko/Documents/HIER/mppi_cpp/build/_deps/rerun_sdk-build/arrow/include/arrow/compute/api_scalar.h
-- Up-to-date: /home/jfetko/Documents/HIER/mppi_cpp/build/_deps/rerun_sdk-build/arrow/include/arrow/compute/api_vector.h
-- Up-to-date: /home/jfetko/Documents/HIER/mppi_cpp/build/_deps/rerun_sdk-build/arrow/include/arrow/compute/cast.h
-- Up-to-date: /home/jfetko/Documents/HIER/mppi_cpp/build/_deps/rerun_sdk-build/arrow/include/arrow/compute/exec.h
-- Up-to-date: /home/jfetko/Documents/HIER/mppi_cpp/build/_deps/rerun_sdk-build/arrow/include/arrow/compute/expression.h
-- Up-to-date: /home/jfetko/Documents/HIER/mppi_cpp/build/_deps/rerun_sdk-build/arrow/include/arrow/compute/function.h
-- Up-to-date: /home/jfetko/Documents/HIER/mppi_cpp/build/_deps/rerun_sdk-build/arrow/include/arrow/compute/function_options.h
-- Up-to-date: /home/jfetko/Documents/HIER/mppi_cpp/build/_deps/rerun_sdk-build/arrow/include/arrow/compute/kernel.h
-- Up-to-date: /home/jfetko/Documents/HIER/mppi_cpp/build/_deps/rerun_sdk-build/arrow/include/arrow/compute/ordering.h
-- Up-to-date: /home/jfetko/Documents/HIER/mppi_cpp/build/_deps/rerun_sdk-build/arrow/include/arrow/compute/registry.h
-- Up-to-date: /home/jfetko/Documents/HIER/mppi_cpp/build/_deps/rerun_sdk-build/arrow/include/arrow/compute/type_fwd.h
-- Up-to-date: /home/jfetko/Documents/HIER/mppi_cpp/build/_deps/rerun_sdk-build/arrow/include/arrow/compute/util.h
-- Up-to-date: /home/jfetko/Documents/HIER/mppi_cpp/build/_deps/rerun_sdk-build/arrow/include/arrow/compute/row/grouper.h
-- Up-to-date: /home/jfetko/Documents/HIER/mppi_cpp/build/_deps/rerun_sdk-build/arrow/include/arrow/extension/bool8.h
-- Up-to-date: /home/jfetko/Documents/HIER/mppi_cpp/build/_deps/rerun_sdk-build/arrow/include/arrow/extension/fixed_shape_tensor.h
-- Up-to-date: /home/jfetko/Documents/HIER/mppi_cpp/build/_deps/rerun_sdk-build/arrow/include/arrow/extension/json.h
-- Up-to-date: /home/jfetko/Documents/HIER/mppi_cpp/build/_deps/rerun_sdk-build/arrow/include/arrow/extension/opaque.h
-- Up-to-date: /home/jfetko/Documents/HIER/mppi_cpp/build/_deps/rerun_sdk-build/arrow/include/arrow/extension/uuid.h
-- Up-to-date: /home/jfetko/Documents/HIER/mppi_cpp/build/_deps/rerun_sdk-build/arrow/include/arrow/io/api.h
-- Up-to-date: /home/jfetko/Documents/HIER/mppi_cpp/build/_deps/rerun_sdk-build/arrow/include/arrow/io/buffered.h
-- Up-to-date: /home/jfetko/Documents/HIER/mppi_cpp/build/_deps/rerun_sdk-build/arrow/include/arrow/io/caching.h
-- Up-to-date: /home/jfetko/Documents/HIER/mppi_cpp/build/_deps/rerun_sdk-build/arrow/include/arrow/io/compressed.h
-- Up-to-date: /home/jfetko/Documents/HIER/mppi_cpp/build/_deps/rerun_sdk-build/arrow/include/arrow/io/concurrency.h
-- Up-to-date: /home/jfetko/Documents/HIER/mppi_cpp/build/_deps/rerun_sdk-build/arrow/include/arrow/io/file.h
-- Up-to-date: /home/jfetko/Documents/HIER/mppi_cpp/build/_deps/rerun_sdk-build/arrow/include/arrow/io/hdfs.h
-- Up-to-date: /home/jfetko/Documents/HIER/mppi_cpp/build/_deps/rerun_sdk-build/arrow/include/arrow/io/interfaces.h
-- Up-to-date: /home/jfetko/Documents/HIER/mppi_cpp/build/_deps/rerun_sdk-build/arrow/include/arrow/io/memory.h
-- Up-to-date: /home/jfetko/Documents/HIER/mppi_cpp/build/_deps/rerun_sdk-build/arrow/include/arrow/io/mman.h
-- Up-to-date: /home/jfetko/Documents/HIER/mppi_cpp/build/_deps/rerun_sdk-build/arrow/include/arrow/io/slow.h
-- Up-to-date: /home/jfetko/Documents/HIER/mppi_cpp/build/_deps/rerun_sdk-build/arrow/include/arrow/io/stdio.h
-- Up-to-date: /home/jfetko/Documents/HIER/mppi_cpp/build/_deps/rerun_sdk-build/arrow/include/arrow/io/test_common.h
-- Up-to-date: /home/jfetko/Documents/HIER/mppi_cpp/build/_deps/rerun_sdk-build/arrow/include/arrow/io/transform.h
-- Up-to-date: /home/jfetko/Documents/HIER/mppi_cpp/build/_deps/rerun_sdk-build/arrow/include/arrow/io/type_fwd.h
-- Up-to-date: /home/jfetko/Documents/HIER/mppi_cpp/build/_deps/rerun_sdk-build/arrow/include/arrow/tensor/converter.h
-- Up-to-date: /home/jfetko/Documents/HIER/mppi_cpp/build/_deps/rerun_sdk-build/arrow/include/arrow/util/algorithm.h
-- Up-to-date: /home/jfetko/Documents/HIER/mppi_cpp/build/_deps/rerun_sdk-build/arrow/include/arrow/util/align_util.h
-- Up-to-date: /home/jfetko/Documents/HIER/mppi_cpp/build/_deps/rerun_sdk-build/arrow/include/arrow/util/aligned_storage.h
-- Up-to-date: /home/jfetko/Documents/HIER/mppi_cpp/build/_deps/rerun_sdk-build/arrow/include/arrow/util/async_generator.h
-- Up-to-date: /home/jfetko/Documents/HIER/mppi_cpp/build/_deps/rerun_sdk-build/arrow/include/arrow/util/async_generator_fwd.h
-- Up-to-date: /home/jfetko/Documents/HIER/mppi_cpp/build/_deps/rerun_sdk-build/arrow/include/arrow/util/async_util.h
-- Up-to-date: /home/jfetko/Documents/HIER/mppi_cpp/build/_deps/rerun_sdk-build/arrow/include/arrow/util/base64.h
-- Up-to-date: /home/jfetko/Documents/HIER/mppi_cpp/build/_deps/rerun_sdk-build/arrow/include/arrow/util/basic_decimal.h
-- Up-to-date: /home/jfetko/Documents/HIER/mppi_cpp/build/_deps/rerun_sdk-build/arrow/include/arrow/util/benchmark_util.h
-- Up-to-date: /home/jfetko/Documents/HIER/mppi_cpp/build/_deps/rerun_sdk-build/arrow/include/arrow/util/binary_view_util.h
-- Up-to-date: /home/jfetko/Documents/HIER/mppi_cpp/build/_deps/rerun_sdk-build/arrow/include/arrow/util/bit_block_counter.h
-- Up-to-date: /home/jfetko/Documents/HIER/mppi_cpp/build/_deps/rerun_sdk-build/arrow/include/arrow/util/bit_run_reader.h
-- Up-to-date: /home/jfetko/Documents/HIER/mppi_cpp/build/_deps/rerun_sdk-build/arrow/include/arrow/util/bit_util.h
-- Up-to-date: /home/jfetko/Documents/HIER/mppi_cpp/build/_deps/rerun_sdk-build/arrow/include/arrow/util/bitmap.h
-- Up-to-date: /home/jfetko/Documents/HIER/mppi_cpp/build/_deps/rerun_sdk-build/arrow/include/arrow/util/bitmap_builders.h
-- Up-to-date: /home/jfetko/Documents/HIER/mppi_cpp/build/_deps/rerun_sdk-build/arrow/include/arrow/util/bitmap_generate.h
-- Up-to-date: /home/jfetko/Documents/HIER/mppi_cpp/build/_deps/rerun_sdk-build/arrow/include/arrow/util/bitmap_ops.h
-- Up-to-date: /home/jfetko/Documents/HIER/mppi_cpp/build/_deps/rerun_sdk-build/arrow/include/arrow/util/bitmap_reader.h
-- Up-to-date: /home/jfetko/Documents/HIER/mppi_cpp/build/_deps/rerun_sdk-build/arrow/include/arrow/util/bitmap_visit.h
-- Up-to-date: /home/jfetko/Documents/HIER/mppi_cpp/build/_deps/rerun_sdk-build/arrow/include/arrow/util/bitmap_writer.h
-- Up-to-date: /home/jfetko/Documents/HIER/mppi_cpp/build/_deps/rerun_sdk-build/arrow/include/arrow/util/bitset_stack.h
-- Up-to-date: /home/jfetko/Documents/HIER/mppi_cpp/build/_deps/rerun_sdk-build/arrow/include/arrow/util/bpacking.h
-- Up-to-date: /home/jfetko/Documents/HIER/mppi_cpp/build/_deps/rerun_sdk-build/arrow/include/arrow/util/bpacking64_default.h
-- Up-to-date: /home/jfetko/Documents/HIER/mppi_cpp/build/_deps/rerun_sdk-build/arrow/include/arrow/util/bpacking_avx2.h
-- Up-to-date: /home/jfetko/Documents/HIER/mppi_cpp/build/_deps/rerun_sdk-build/arrow/include/arrow/util/bpacking_avx512.h
-- Up-to-date: /home/jfetko/Documents/HIER/mppi_cpp/build/_deps/rerun_sdk-build/arrow/include/arrow/util/bpacking_default.h
-- Up-to-date: /home/jfetko/Documents/HIER/mppi_cpp/build/_deps/rerun_sdk-build/arrow/include/arrow/util/bpacking_neon.h
-- Up-to-date: /home/jfetko/Documents/HIER/mppi_cpp/build/_deps/rerun_sdk-build/arrow/include/arrow/util/byte_size.h
-- Up-to-date: /home/jfetko/Documents/HIER/mppi_cpp/build/_deps/rerun_sdk-build/arrow/include/arrow/util/cancel.h
-- Up-to-date: /home/jfetko/Documents/HIER/mppi_cpp/build/_deps/rerun_sdk-build/arrow/include/arrow/util/checked_cast.h
-- Up-to-date: /home/jfetko/Documents/HIER/mppi_cpp/build/_deps/rerun_sdk-build/arrow/include/arrow/util/compare.h
-- Up-to-date: /home/jfetko/Documents/HIER/mppi_cpp/build/_deps/rerun_sdk-build/arrow/include/arrow/util/compression.h
-- Up-to-date: /home/jfetko/Documents/HIER/mppi_cpp/build/_deps/rerun_sdk-build/arrow/include/arrow/util/concurrent_map.h
-- Up-to-date: /home/jfetko/Documents/HIER/mppi_cpp/build/_deps/rerun_sdk-build/arrow/include/arrow/util/converter.h
-- Up-to-date: /home/jfetko/Documents/HIER/mppi_cpp/build/_deps/rerun_sdk-build/arrow/include/arrow/util/counting_semaphore.h
-- Up-to-date: /home/jfetko/Documents/HIER/mppi_cpp/build/_deps/rerun_sdk-build/arrow/include/arrow/util/cpu_info.h
-- Up-to-date: /home/jfetko/Documents/HIER/mppi_cpp/build/_deps/rerun_sdk-build/arrow/include/arrow/util/crc32.h
-- Up-to-date: /home/jfetko/Documents/HIER/mppi_cpp/build/_deps/rerun_sdk-build/arrow/include/arrow/util/debug.h
-- Up-to-date: /home/jfetko/Documents/HIER/mppi_cpp/build/_deps/rerun_sdk-build/arrow/include/arrow/util/decimal.h
-- Up-to-date: /home/jfetko/Documents/HIER/mppi_cpp/build/_deps/rerun_sdk-build/arrow/include/arrow/util/delimiting.h
-- Up-to-date: /home/jfetko/Documents/HIER/mppi_cpp/build/_deps/rerun_sdk-build/arrow/include/arrow/util/dict_util.h
-- Up-to-date: /home/jfetko/Documents/HIER/mppi_cpp/build/_deps/rerun_sdk-build/arrow/include/arrow/util/dispatch.h
-- Up-to-date: /home/jfetko/Documents/HIER/mppi_cpp/build/_deps/rerun_sdk-build/arrow/include/arrow/util/double_conversion.h
-- Up-to-date: /home/jfetko/Documents/HIER/mppi_cpp/build/_deps/rerun_sdk-build/arrow/include/arrow/util/endian.h
-- Up-to-date: /home/jfetko/Documents/HIER/mppi_cpp/build/_deps/rerun_sdk-build/arrow/include/arrow/util/float16.h
-- Up-to-date: /home/jfetko/Documents/HIER/mppi_cpp/build/_deps/rerun_sdk-build/arrow/include/arrow/util/formatting.h
-- Up-to-date: /home/jfetko/Documents/HIER/mppi_cpp/build/_deps/rerun_sdk-build/arrow/include/arrow/util/functional.h
-- Up-to-date: /home/jfetko/Documents/HIER/mppi_cpp/build/_deps/rerun_sdk-build/arrow/include/arrow/util/future.h
-- Up-to-date: /home/jfetko/Documents/HIER/mppi_cpp/build/_deps/rerun_sdk-build/arrow/include/arrow/util/hash_util.h
-- Up-to-date: /home/jfetko/Documents/HIER/mppi_cpp/build/_deps/rerun_sdk-build/arrow/include/arrow/util/hashing.h
-- Up-to-date: /home/jfetko/Documents/HIER/mppi_cpp/build/_deps/rerun_sdk-build/arrow/include/arrow/util/int_util.h
-- Up-to-date: /home/jfetko/Documents/HIER/mppi_cpp/build/_deps/rerun_sdk-build/arrow/include/arrow/util/int_util_overflow.h
-- Up-to-date: /home/jfetko/Documents/HIER/mppi_cpp/build/_deps/rerun_sdk-build/arrow/include/arrow/util/io_util.h
-- Up-to-date: /home/jfetko/Documents/HIER/mppi_cpp/build/_deps/rerun_sdk-build/arrow/include/arrow/util/iterator.h
-- Up-to-date: /home/jfetko/Documents/HIER/mppi_cpp/build/_deps/rerun_sdk-build/arrow/include/arrow/util/key_value_metadata.h
-- Up-to-date: /home/jfetko/Documents/HIER/mppi_cpp/build/_deps/rerun_sdk-build/arrow/include/arrow/util/launder.h
-- Up-to-date: /home/jfetko/Documents/HIER/mppi_cpp/build/_deps/rerun_sdk-build/arrow/include/arrow/util/list_util.h
-- Up-to-date: /home/jfetko/Documents/HIER/mppi_cpp/build/_deps/rerun_sdk-build/arrow/include/arrow/util/logger.h
-- Up-to-date: /home/jfetko/Documents/HIER/mppi_cpp/build/_deps/rerun_sdk-build/arrow/include/arrow/util/logging.h
-- Up-to-date: /home/jfetko/Documents/HIER/mppi_cpp/build/_deps/rerun_sdk-build/arrow/include/arrow/util/macros.h
-- Up-to-date: /home/jfetko/Documents/HIER/mppi_cpp/build/_deps/rerun_sdk-build/arrow/include/arrow/util/map.h
-- Up-to-date: /home/jfetko/Documents/HIER/mppi_cpp/build/_deps/rerun_sdk-build/arrow/include/arrow/util/math_constants.h
-- Up-to-date: /home/jfetko/Documents/HIER/mppi_cpp/build/_deps/rerun_sdk-build/arrow/include/arrow/util/memory.h
-- Up-to-date: /home/jfetko/Documents/HIER/mppi_cpp/build/_deps/rerun_sdk-build/arrow/include/arrow/util/mutex.h
-- Up-to-date: /home/jfetko/Documents/HIER/mppi_cpp/build/_deps/rerun_sdk-build/arrow/include/arrow/util/parallel.h
-- Up-to-date: /home/jfetko/Documents/HIER/mppi_cpp/build/_deps/rerun_sdk-build/arrow/include/arrow/util/pcg_random.h
-- Up-to-date: /home/jfetko/Documents/HIER/mppi_cpp/build/_deps/rerun_sdk-build/arrow/include/arrow/util/prefetch.h
-- Up-to-date: /home/jfetko/Documents/HIER/mppi_cpp/build/_deps/rerun_sdk-build/arrow/include/arrow/util/print.h
-- Up-to-date: /home/jfetko/Documents/HIER/mppi_cpp/build/_deps/rerun_sdk-build/arrow/include/arrow/util/queue.h
-- Up-to-date: /home/jfetko/Documents/HIER/mppi_cpp/build/_deps/rerun_sdk-build/arrow/include/arrow/util/range.h
-- Up-to-date: /home/jfetko/Documents/HIER/mppi_cpp/build/_deps/rerun_sdk-build/arrow/include/arrow/util/ree_util.h
-- Up-to-date: /home/jfetko/Documents/HIER/mppi_cpp/build/_deps/rerun_sdk-build/arrow/include/arrow/util/regex.h
-- Up-to-date: /home/jfetko/Documents/HIER/mppi_cpp/build/_deps/rerun_sdk-build/arrow/include/arrow/util/rows_to_batches.h
-- Up-to-date: /home/jfetko/Documents/HIER/mppi_cpp/build/_deps/rerun_sdk-build/arrow/include/arrow/util/simd.h
-- Up-to-date: /home/jfetko/Documents/HIER/mppi_cpp/build/_deps/rerun_sdk-build/arrow/include/arrow/util/small_vector.h
-- Up-to-date: /home/jfetko/Documents/HIER/mppi_cpp/build/_deps/rerun_sdk-build/arrow/include/arrow/util/sort.h
-- Up-to-date: /home/jfetko/Documents/HIER/mppi_cpp/build/_deps/rerun_sdk-build/arrow/include/arrow/util/spaced.h
-- Up-to-date: /home/jfetko/Documents/HIER/mppi_cpp/build/_deps/rerun_sdk-build/arrow/include/arrow/util/span.h
-- Up-to-date: /home/jfetko/Documents/HIER/mppi_cpp/build/_deps/rerun_sdk-build/arrow/include/arrow/util/stopwatch.h
-- Up-to-date: /home/jfetko/Documents/HIER/mppi_cpp/build/_deps/rerun_sdk-build/arrow/include/arrow/util/string.h
-- Up-to-date: /home/jfetko/Documents/HIER/mppi_cpp/build/_deps/rerun_sdk-build/arrow/include/arrow/util/string_builder.h
-- Up-to-date: /home/jfetko/Documents/HIER/mppi_cpp/build/_deps/rerun_sdk-build/arrow/include/arrow/util/task_group.h
-- Up-to-date: /home/jfetko/Documents/HIER/mppi_cpp/build/_deps/rerun_sdk-build/arrow/include/arrow/util/tdigest.h
-- Up-to-date: /home/jfetko/Documents/HIER/mppi_cpp/build/_deps/rerun_sdk-build/arrow/include/arrow/util/test_common.h
-- Up-to-date: /home/jfetko/Documents/HIER/mppi_cpp/build/_deps/rerun_sdk-build/arrow/include/arrow/util/thread_pool.h
-- Up-to-date: /home/jfetko/Documents/HIER/mppi_cpp/build/_deps/rerun_sdk-build/arrow/include/arrow/util/time.h
-- Up-to-date: /home/jfetko/Documents/HIER/mppi_cpp/build/_deps/rerun_sdk-build/arrow/include/arrow/util/tracing.h
-- Up-to-date: /home/jfetko/Documents/HIER/mppi_cpp/build/_deps/rerun_sdk-build/arrow/include/arrow/util/trie.h
-- Up-to-date: /home/jfetko/Documents/HIER/mppi_cpp/build/_deps/rerun_sdk-build/arrow/include/arrow/util/type_fwd.h
-- Up-to-date: /home/jfetko/Documents/HIER/mppi_cpp/build/_deps/rerun_sdk-build/arrow/include/arrow/util/type_traits.h
-- Up-to-date: /home/jfetko/Documents/HIER/mppi_cpp/build/_deps/rerun_sdk-build/arrow/include/arrow/util/ubsan.h
-- Up-to-date: /home/jfetko/Documents/HIER/mppi_cpp/build/_deps/rerun_sdk-build/arrow/include/arrow/util/union_util.h
-- Up-to-date: /home/jfetko/Documents/HIER/mppi_cpp/build/_deps/rerun_sdk-build/arrow/include/arrow/util/unreachable.h
-- Up-to-date: /home/jfetko/Documents/HIER/mppi_cpp/build/_deps/rerun_sdk-build/arrow/include/arrow/util/uri.h
-- Up-to-date: /home/jfetko/Documents/HIER/mppi_cpp/build/_deps/rerun_sdk-build/arrow/include/arrow/util/utf8.h
-- Up-to-date: /home/jfetko/Documents/HIER/mppi_cpp/build/_deps/rerun_sdk-build/arrow/include/arrow/util/value_parsing.h
-- Up-to-date: /home/jfetko/Documents/HIER/mppi_cpp/build/_deps/rerun_sdk-build/arrow/include/arrow/util/vector.h
-- Up-to-date: /home/jfetko/Documents/HIER/mppi_cpp/build/_deps/rerun_sdk-build/arrow/include/arrow/util/visibility.h
-- Up-to-date: /home/jfetko/Documents/HIER/mppi_cpp/build/_deps/rerun_sdk-build/arrow/include/arrow/util/windows_compatibility.h
-- Up-to-date: /home/jfetko/Documents/HIER/mppi_cpp/build/_deps/rerun_sdk-build/arrow/include/arrow/util/windows_fixup.h
-- Up-to-date: /home/jfetko/Documents/HIER/mppi_cpp/build/_deps/rerun_sdk-build/arrow/include/arrow/vendored/ProducerConsumerQueue.h
-- Up-to-date: /home/jfetko/Documents/HIER/mppi_cpp/build/_deps/rerun_sdk-build/arrow/include/arrow/vendored/datetime.h
-- Up-to-date: /home/jfetko/Documents/HIER/mppi_cpp/build/_deps/rerun_sdk-build/arrow/include/arrow/vendored/strptime.h
-- Up-to-date: /home/jfetko/Documents/HIER/mppi_cpp/build/_deps/rerun_sdk-build/arrow/include/arrow/vendored/xxhash.h
-- Up-to-date: /home/jfetko/Documents/HIER/mppi_cpp/build/_deps/rerun_sdk-build/arrow/include/arrow/vendored/datetime/date.h
-- Up-to-date: /home/jfetko/Documents/HIER/mppi_cpp/build/_deps/rerun_sdk-build/arrow/include/arrow/vendored/datetime/ios.h
-- Up-to-date: /home/jfetko/Documents/HIER/mppi_cpp/build/_deps/rerun_sdk-build/arrow/include/arrow/vendored/datetime/tz.h
-- Up-to-date: /home/jfetko/Documents/HIER/mppi_cpp/build/_deps/rerun_sdk-build/arrow/include/arrow/vendored/datetime/tz_private.h
-- Up-to-date: /home/jfetko/Documents/HIER/mppi_cpp/build/_deps/rerun_sdk-build/arrow/include/arrow/vendored/datetime/visibility.h
-- Up-to-date: /home/jfetko/Documents/HIER/mppi_cpp/build/_deps/rerun_sdk-build/arrow/include/arrow/vendored/double-conversion/bignum-dtoa.h
-- Up-to-date: /home/jfetko/Documents/HIER/mppi_cpp/build/_deps/rerun_sdk-build/arrow/include/arrow/vendored/double-conversion/bignum.h
-- Up-to-date: /home/jfetko/Documents/HIER/mppi_cpp/build/_deps/rerun_sdk-build/arrow/include/arrow/vendored/double-conversion/cached-powers.h
-- Up-to-date: /home/jfetko/Documents/HIER/mppi_cpp/build/_deps/rerun_sdk-build/arrow/include/arrow/vendored/double-conversion/diy-fp.h
-- Up-to-date: /home/jfetko/Documents/HIER/mppi_cpp/build/_deps/rerun_sdk-build/arrow/include/arrow/vendored/double-conversion/double-conversion.h
-- Up-to-date: /home/jfetko/Documents/HIER/mppi_cpp/build/_deps/rerun_sdk-build/arrow/include/arrow/vendored/double-conversion/double-to-string.h
-- Up-to-date: /home/jfetko/Documents/HIER/mppi_cpp/build/_deps/rerun_sdk-build/arrow/include/arrow/vendored/double-conversion/fast-dtoa.h
-- Up-to-date: /home/jfetko/Documents/HIER/mppi_cpp/build/_deps/rerun_sdk-build/arrow/include/arrow/vendored/double-conversion/fixed-dtoa.h
-- Up-to-date: /home/jfetko/Documents/HIER/mppi_cpp/build/_deps/rerun_sdk-build/arrow/include/arrow/vendored/double-conversion/ieee.h
-- Up-to-date: /home/jfetko/Documents/HIER/mppi_cpp/build/_deps/rerun_sdk-build/arrow/include/arrow/vendored/double-conversion/string-to-double.h
-- Up-to-date: /home/jfetko/Documents/HIER/mppi_cpp/build/_deps/rerun_sdk-build/arrow/include/arrow/vendored/double-conversion/strtod.h
-- Up-to-date: /home/jfetko/Documents/HIER/mppi_cpp/build/_deps/rerun_sdk-build/arrow/include/arrow/vendored/double-conversion/utils.h
-- Up-to-date: /home/jfetko/Documents/HIER/mppi_cpp/build/_deps/rerun_sdk-build/arrow/include/arrow/vendored/pcg/pcg_extras.hpp
-- Up-to-date: /home/jfetko/Documents/HIER/mppi_cpp/build/_deps/rerun_sdk-build/arrow/include/arrow/vendored/pcg/pcg_random.hpp
-- Up-to-date: /home/jfetko/Documents/HIER/mppi_cpp/build/_deps/rerun_sdk-build/arrow/include/arrow/vendored/pcg/pcg_uint128.hpp
-- Up-to-date: /home/jfetko/Documents/HIER/mppi_cpp/build/_deps/rerun_sdk-build/arrow/include/arrow/vendored/portable-snippets/debug-trap.h
-- Up-to-date: /home/jfetko/Documents/HIER/mppi_cpp/build/_deps/rerun_sdk-build/arrow/include/arrow/vendored/portable-snippets/safe-math.h
-- Up-to-date: /home/jfetko/Documents/HIER/mppi_cpp/build/_deps/rerun_sdk-build/arrow/include/arrow/vendored/xxhash/xxhash.h
-- Up-to-date: /home/jfetko/Documents/HIER/mppi_cpp/build/_deps/rerun_sdk-build/arrow/include/arrow/ipc/api.h
-- Up-to-date: /home/jfetko/Documents/HIER/mppi_cpp/build/_deps/rerun_sdk-build/arrow/include/arrow/ipc/dictionary.h
-- Up-to-date: /home/jfetko/Documents/HIER/mppi_cpp/build/_deps/rerun_sdk-build/arrow/include/arrow/ipc/feather.h
-- Up-to-date: /home/jfetko/Documents/HIER/mppi_cpp/build/_deps/rerun_sdk-build/arrow/include/arrow/ipc/json_simple.h
-- Up-to-date: /home/jfetko/Documents/HIER/mppi_cpp/build/_deps/rerun_sdk-build/arrow/include/arrow/ipc/message.h
-- Up-to-date: /home/jfetko/Documents/HIER/mppi_cpp/build/_deps/rerun_sdk-build/arrow/include/arrow/ipc/options.h
-- Up-to-date: /home/jfetko/Documents/HIER/mppi_cpp/build/_deps/rerun_sdk-build/arrow/include/arrow/ipc/reader.h
-- Up-to-date: /home/jfetko/Documents/HIER/mppi_cpp/build/_deps/rerun_sdk-build/arrow/include/arrow/ipc/test_common.h
-- Up-to-date: /home/jfetko/Documents/HIER/mppi_cpp/build/_deps/rerun_sdk-build/arrow/include/arrow/ipc/type_fwd.h
-- Up-to-date: /home/jfetko/Documents/HIER/mppi_cpp/build/_deps/rerun_sdk-build/arrow/include/arrow/ipc/util.h
-- Up-to-date: /home/jfetko/Documents/HIER/mppi_cpp/build/_deps/rerun_sdk-build/arrow/include/arrow/ipc/writer.h
-- Up-to-date: /home/jfetko/Documents/HIER/mppi_cpp/build/_deps/rerun_sdk-build/arrow/share/doc/arrow/LICENSE.txt
-- Up-to-date: /home/jfetko/Documents/HIER/mppi_cpp/build/_deps/rerun_sdk-build/arrow/share/doc/arrow/NOTICE.txt
-- Up-to-date: /home/jfetko/Documents/HIER/mppi_cpp/build/_deps/rerun_sdk-build/arrow/share/doc/arrow/README.md
-- Up-to-date: /home/jfetko/Documents/HIER/mppi_cpp/build/_deps/rerun_sdk-build/arrow/share/arrow/gdb/gdb_arrow.py
