-- Downloading...
   dst='/home/jfetko/Documents/HIER/mppi_cpp/build/_deps/rerun_sdk-build/arrow/src/arrow_cpp-build/src/13.0.0.tar.gz'
   timeout='none'
   inactivity timeout='none'
-- Using src='https://github.com/xtensor-stack/xsimd/archive/13.0.0.tar.gz'
-- [download 4% complete]
-- [download 15% complete]
-- [download 24% complete]
-- [download 29% complete]
-- [download 38% complete]
-- [download 39% complete]
-- [download 44% complete]
-- [download 53% complete]
-- [download 66% complete]
-- [download 80% complete]
-- [download 83% complete]
-- [download 88% complete]
-- [download 100% complete]
-- verifying file...
       file='/home/jfetko/Documents/HIER/mppi_cpp/build/_deps/rerun_sdk-build/arrow/src/arrow_cpp-build/src/13.0.0.tar.gz'
-- Downloading... done
-- extracting...
     src='/home/jfetko/Documents/HIER/mppi_cpp/build/_deps/rerun_sdk-build/arrow/src/arrow_cpp-build/src/13.0.0.tar.gz'
     dst='/home/jfetko/Documents/HIER/mppi_cpp/build/_deps/rerun_sdk-build/arrow/src/arrow_cpp-build/src/xsimd_ep'
-- extracting... [tar xfz]
-- extracting... [analysis]
-- extracting... [rename]
-- extracting... [clean up]
-- extracting... done
